// Jest Snapshot v1, https://goo.gl/fbAQLP

exports[`Section renders the Component correctly 1`] = `
<div
  className="css-1edrwtt"
/>
`;
