// Jest Snapshot v1, https://goo.gl/fbAQLP

exports[`Store renders the Component correctly 1`] = `null`;
